// Jest Snapshot v1, https://goo.gl/fbAQLP

exports[`NewQuestionPage Element NewQuestionPage Element must match the snapshot 1`] = `
Object {
  "asFragment": [Function],
  "baseElement": <body>
    <div>
      <div
        class="MuiContainer-root MuiContainer-maxWidthLg css-zkjlib-MuiContainer-root"
      >
        <h1
          class="MuiTypography-root MuiTypography-h1 MuiTypography-gutterBottom css-a4d0r7-MuiTypography-root"
        >
           403 
        </h1>
        <h1
          class="MuiTypography-root MuiTypography-h4 MuiTypography-gutterBottom css-1vw6mcs-MuiTypography-root"
        >
           You are not authrized to see this page 
        </h1>
        <h1
          class="MuiTypography-root MuiTypography-h5 MuiTypography-gutterBottom css-1xkye6-MuiTypography-root"
        >
           please sign in first
        </h1>
      </div>
    </div>
  </body>,
  "container": <div>
    <div
      class="MuiContainer-root MuiContainer-maxWidthLg css-zkjlib-MuiContainer-root"
    >
      <h1
        class="MuiTypography-root MuiTypography-h1 MuiTypography-gutterBottom css-a4d0r7-MuiTypography-root"
      >
         403 
      </h1>
      <h1
        class="MuiTypography-root MuiTypography-h4 MuiTypography-gutterBottom css-1vw6mcs-MuiTypography-root"
      >
         You are not authrized to see this page 
      </h1>
      <h1
        class="MuiTypography-root MuiTypography-h5 MuiTypography-gutterBottom css-1xkye6-MuiTypography-root"
      >
         please sign in first
      </h1>
    </div>
  </div>,
  "debug": [Function],
  "findAllByAltText": [Function],
  "findAllByDisplayValue": [Function],
  "findAllByLabelText": [Function],
  "findAllByPlaceholderText": [Function],
  "findAllByRole": [Function],
  "findAllByTestId": [Function],
  "findAllByText": [Function],
  "findAllByTitle": [Function],
  "findByAltText": [Function],
  "findByDisplayValue": [Function],
  "findByLabelText": [Function],
  "findByPlaceholderText": [Function],
  "findByRole": [Function],
  "findByTestId": [Function],
  "findByText": [Function],
  "findByTitle": [Function],
  "getAllByAltText": [Function],
  "getAllByDisplayValue": [Function],
  "getAllByLabelText": [Function],
  "getAllByPlaceholderText": [Function],
  "getAllByRole": [Function],
  "getAllByTestId": [Function],
  "getAllByText": [Function],
  "getAllByTitle": [Function],
  "getByAltText": [Function],
  "getByDisplayValue": [Function],
  "getByLabelText": [Function],
  "getByPlaceholderText": [Function],
  "getByRole": [Function],
  "getByTestId": [Function],
  "getByText": [Function],
  "getByTitle": [Function],
  "queryAllByAltText": [Function],
  "queryAllByDisplayValue": [Function],
  "queryAllByLabelText": [Function],
  "queryAllByPlaceholderText": [Function],
  "queryAllByRole": [Function],
  "queryAllByTestId": [Function],
  "queryAllByText": [Function],
  "queryAllByTitle": [Function],
  "queryByAltText": [Function],
  "queryByDisplayValue": [Function],
  "queryByLabelText": [Function],
  "queryByPlaceholderText": [Function],
  "queryByRole": [Function],
  "queryByTestId": [Function],
  "queryByText": [Function],
  "queryByTitle": [Function],
  "rerender": [Function],
  "unmount": [Function],
}
`;
